psp-gcc -I. -I/usr/local/pspdev/psp/include -I/usr/local/pspdev/psp/sdk/include -O2 -G0 -Wall -fno-pic -D_PSP_FW_VERSION=600   -c -o main.o main.c
main.c: In function 'tryFrameCopy':
main.c:255:3: error: implicit declaration of function 'copyFrameBuffer' [-Wimplicit-function-declaration]
  255 |   copyFrameBuffer();
      |   ^~~~~~~~~~~~~~~
main.c: In function 'sceGeListUpdateStallAddrPatched':
main.c:802:9: warning: unused variable 's' [-Wunused-variable]
  802 |     u32 s = (u32)stall & 0x0FFFFFFF;
      |         ^
main.c:801:9: warning: unused variable 'p' [-Wunused-variable]
  801 |     u32 p = (u32)prev & 0x0FFFFFFF;
      |         ^
main.c: In function 'patchGeList':
main.c:956:1: error: expected declaration or statement at end of input
  956 | }
      | ^
main.c:763:8: warning: variable '_sceGeGetList' set but not used [-Wunused-but-set-variable]
  763 | int (* _sceGeGetList)(int qid, void *list, int *flag);
      |        ^~~~~~~~~~~~~
main.c:956:1: error: expected declaration or statement at end of input
  956 | }
      | ^
main.c: At top level:
main.c:927:5: warning: 'module_start' defined but not used [-Wunused-function]
  927 | int module_start(SceSize args, void *argp) {
      |     ^~~~~~~~~~~~
main.c:855:5: warning: 'sceGeListSyncPatched' defined but not used [-Wunused-function]
  855 | int sceGeListSyncPatched(int qid, int syncType) {
      |     ^~~~~~~~~~~~~~~~~~~~
main.c:236:12: warning: 'skip' defined but not used [-Wunused-variable]
  236 | static int skip = 0;//τº╗σè¿ΘÇƒσ║ªσèáΘÇƒ∩╝îΘÖìΣ╜ÄΦ░âτö¿apiΘóæτÄç
      |            ^~~~
main.c:233:12: warning: 'fb_last_vsync' defined but not used [-Wunused-variable]
  233 | static int fb_last_vsync = 0;
      |            ^~~~~~~~~~~~~
make: *** [<builtin>: main.o] Error 1
